// Jest Snapshot v1, https://goo.gl/fbAQLP

exports[`facets simple string facet 3`] = `
{
  "results": [
    {
      "appliedRules": [],
      "exhaustive": {
        "facetsCount": true,
        "nbHits": true,
        "typo": true,
      },
      "exhaustiveFacetsCount": true,
      "exhaustiveNbHits": true,
      "exhaustiveTypo": true,
      "facets": {
        "actors": {
          "Bob Gunton": 1,
          "Morgan Freeman": 1,
          "Tim Robbins": 1,
          "William Sadler": 1,
        },
        "rated": {
          "R": 1,
        },
        "type": {
          "movie": 1,
        },
      },
      "facets_stats": {},
      "hits": [
        {
          "_highlightResult": {
            "title": {
              "fullyHighlighted": false,
              "matchLevel": "full",
              "matchedWords": [
                "Shawshank",
              ],
              "value": "The <em>Shawshank</em> Redemption",
            },
          },
          "_index": "imdb_movies",
          "_score": 7.637228,
          "actors": [
            "Tim Robbins",
            "Morgan Freeman",
            "Bob Gunton",
            "William Sadler",
          ],
          "objectID": "tt0111161",
          "title": "The Shawshank Redemption",
        },
      ],
      "hitsPerPage": 20,
      "index": "imdb_movies",
      "nbHits": 1,
      "nbPages": 1,
      "page": 0,
      "params": "facetFilters=type%3Amovie&facets=*&highlightPostTag=%3C%2Fem%3E&highlightPreTag=%3Cem%3E&maxValuesPerFacet=10&page=0&query=shawshank&tagFilters=",
      "processingTimeMS": 2,
      "query": "shawshank",
      "renderingContent": {
        "facetOrdering": {
          "facets": {
            "order": [
              "rated",
              "type",
            ],
          },
          "values": {
            "rated": {
              "sortRemainingBy": "count",
            },
            "type": {
              "sortRemainingBy": "count",
            },
          },
        },
      },
    },
    {
      "appliedRules": [],
      "exhaustive": {
        "facetsCount": true,
        "nbHits": true,
        "typo": true,
      },
      "exhaustiveFacetsCount": true,
      "exhaustiveNbHits": true,
      "exhaustiveTypo": true,
      "facets": {
        "type": {
          "movie": 1,
        },
      },
      "facets_stats": {},
      "hits": [
        {
          "_highlightResult": {
            "title": {
              "fullyHighlighted": false,
              "matchLevel": "full",
              "matchedWords": [
                "Shawshank",
              ],
              "value": "The <em>Shawshank</em> Redemption",
            },
          },
          "_index": "imdb_movies",
          "_score": 7.637228,
          "actors": [
            "Tim Robbins",
            "Morgan Freeman",
            "Bob Gunton",
            "William Sadler",
          ],
          "objectID": "tt0111161",
          "title": "The Shawshank Redemption",
        },
      ],
      "hitsPerPage": 1,
      "index": "imdb_movies",
      "nbHits": 1,
      "nbPages": 1,
      "page": 0,
      "params": "analytics=false&attributesToHighlight=&attributesToRetrieve=&attributesToSnippet=&clickAnalytics=false&facets=type&highlightPostTag=%3C%2Fem%3E&highlightPreTag=%3Cem%3E&hitsPerPage=1&maxValuesPerFacet=10&page=0&query=shawshank&tagFilters=",
      "processingTimeMS": 2,
      "query": "shawshank",
      "renderingContent": {
        "facetOrdering": {
          "facets": {
            "order": [
              "rated",
              "type",
            ],
          },
          "values": {
            "rated": {
              "sortRemainingBy": "count",
            },
            "type": {
              "sortRemainingBy": "count",
            },
          },
        },
      },
    },
  ],
}
`;

exports[`facets simple string facet: ES Request 1`] = `
"{"index":"imdb_movies"}
{"aggs":{"rated":{"terms":{"field":"rated","size":10}},"type":{"terms":{"field":"type","size":10}}},"query":{"bool":{"filter":[{"bool":{"should":[{"term":{"type":"movie"}}]}}],"must":{"bool":{"should":[{"bool":{"should":[{"multi_match":{"query":"shawshank","fields":["title"],"fuzziness":"AUTO:4,8"}},{"multi_match":{"query":"shawshank","fields":["title"],"type":"bool_prefix"}}]}},{"multi_match":{"query":"shawshank","type":"phrase","fields":["title"]}}]}}}},"size":20,"from":0,"_source":{"includes":["title"]},"highlight":{"pre_tags":["<em>"],"post_tags":["</em>"],"fields":{"title":{"number_of_fragments":0}}}}
{"index":"imdb_movies"}
{"aggs":{"type":{"terms":{"field":"type","size":10}}},"query":{"bool":{"filter":[],"must":{"bool":{"should":[{"bool":{"should":[{"multi_match":{"query":"shawshank","fields":["title"],"fuzziness":"AUTO:4,8"}},{"multi_match":{"query":"shawshank","fields":["title"],"type":"bool_prefix"}}]}},{"multi_match":{"query":"shawshank","type":"phrase","fields":["title"]}}]}}}},"size":1,"from":0,"_source":{"includes":["title"]},"highlight":{"pre_tags":["<em>"],"post_tags":["</em>"],"fields":{"title":{"number_of_fragments":0}}}}
"
`;
